// Jest Snapshot v1, https://goo.gl/fbAQLP

exports[`Component: FavoriteShow FavoriteShow renders with default props 1`] = `ReactWrapper {}`;
