// Jest Snapshot v1, https://goo.gl/fbAQLP

exports[`Component: LandingPage LandingPage renders with default props 1`] = `ShallowWrapper {}`;
