// Jest Snapshot v1, https://goo.gl/fbAQLP

exports[`Component: GenreButton GenreButton renders with default props 1`] = `ShallowWrapper {}`;
