// Jest Snapshot v1, https://goo.gl/fbAQLP

exports[`Component: Header Header renders with default props 1`] = `ShallowWrapper {}`;
