// Jest Snapshot v1, https://goo.gl/fbAQLP

exports[`WatchButton component Component: WatchButton WatchButton renders with default props 1`] = `ShallowWrapper {}`;
